  ! cs.LG: HTTP Error 406: Not Acceptable
  cs.LG: 0
  ! cs.AI: HTTP Error 406: Not Acceptable
  cs.AI: 0
  ! cs.CL: HTTP Error 406: Not Acceptable
  cs.CL: 0
  ! cs.CR: HTTP Error 406: Not Acceptable
  cs.CR: 0
  ! cs.DS: HTTP Error 406: Not Acceptable
  cs.DS: 0
  ! math.CO: HTTP Error 406: Not Acceptable
  math.CO: 0
  ! math.OC: HTTP Error 406: Not Acceptable
  math.OC: 0
  ! math.PR: HTTP Error 406: Not Acceptable
  math.PR: 0
  ! math.NT: HTTP Error 406: Not Acceptable
  math.NT: 0
  ! q-fin.PM: HTTP Error 406: Not Acceptable
  q-fin.PM: 0
  ! q-fin.TR: HTTP Error 406: Not Acceptable
  q-fin.TR: 0
  ! econ.EM: HTTP Error 406: Not Acceptable
  econ.EM: 0
